// Vitest Snapshot v1, https://vitest.dev/guide/snapshot.html

exports[`asma-ui-core public API surface > keeps every runtime export of the package barrel stable 1`] = `
[
  "ACTIONS_COLUMN_ID",
  "ACTION_GAP_PX",
  "AppRegistrationIcon",
  "ArchiveIcon",
  "ArrowExpandIcon",
  "ArrowLeftIcon",
  "ArrowShrinkIcon",
  "AssignmentIcon",
  "AssignmentOutlineIcon",
  "AttachFileIcon",
  "Avatar",
  "BackIcon",
  "BackupIcon",
  "BadgeIcon",
  "BellIcon",
  "BellOutlineIcon",
  "CalendarBlankOutlineIcon",
  "CalendarIcon",
  "CalendarRangeIcon",
  "CalendarRangeOutlineIcon",
  "CancelOutlineIcon",
  "CardIdIcon",
  "CardIdIconOutlined",
  "CheckBoxCheckedIcon",
  "CheckCircleIcon",
  "CheckFactIcon",
  "CheckFactOutlineIcon",
  "CheckIcon",
  "CheckOutlineIcon",
  "CheckReadIcon",
  "ChevronDoubleLeftIcon",
  "ChevronDoubleRightIcon",
  "ChevronDownIcon",
  "ChevronLeftIcon",
  "ChevronRightIcon",
  "ChevronUpIcon",
  "CircleWarningOutlineIcon",
  "ClickAwayListener",
  "ClockOutlineIcon",
  "CloseIcon",
  "CloudDoneOutlineIcon",
  "CloudIcon",
  "CloudOffOutlineIcon",
  "ConsentsIcon",
  "Container",
  "ContentCopyIcon",
  "ContentCopyOutlineIcon",
  "ContentCutIcon",
  "ContentPasteIcon",
  "ConversionPathIcon",
  "CopyButton",
  "CopyWrapper",
  "DND_HANDLE_COLUMN_ID",
  "DashboardViewIcon",
  "DashboardViewOutlineIcon",
  "DeleteOutlineIcon",
  "DescriptionIcon",
  "DescriptionOutlineIcon",
  "DnsIcon",
  "DnsOutlineIcon",
  "DoneAllIcon",
  "DotsVerticalIcon",
  "DownloadIcon",
  "DownloadTrayIcon",
  "DownloadingIcon",
  "DragHorizontalIcon",
  "DrawIcon",
  "DropDownIcon",
  "DropUpIcon",
  "DvrIcon",
  "DvrIconOutline",
  "DynamicToolbar",
  "DynamicToolbarLayoutContext",
  "EXPAND_COLUMN_ID",
  "EarthIcon",
  "EditNotesIcon",
  "EditSquareIcon",
  "EmptyPageIcon",
  "EnvelopeIcon",
  "ErrorOutlineIcon",
  "Fade",
  "FastCheckOutlineIcon",
  "FileDocIcon",
  "FileImageIcon",
  "FilePdfIcon",
  "FileRtfIcon",
  "FileXlsIcon",
  "FilterIcon",
  "FilterIconOff",
  "FindReplaceIcon",
  "FindReplacePeopleIcon",
  "FingerprintIcon",
  "FormIcon",
  "FormLabel",
  "FormatListBulletedIcon",
  "FormatListBulletedOutlineIcon",
  "GraphIcon",
  "GraphOutlineIcon",
  "GridViewOutlineIcon",
  "HamburgerIcon",
  "HandymanIcon",
  "HandymanOutlineIcon",
  "HelpIcon",
  "HelpOutlineIcon",
  "HistoryIcon",
  "HistoryToggleOffIcon",
  "HubIcon",
  "HubIconFilled",
  "INTERNAL_COLUMN_IDS",
  "InboxOutboxIcon",
  "InboxOutboxOutlineIcon",
  "IndeterminateIcon",
  "InfoOutlineIcon",
  "InheritancePointerIcon",
  "KeyboardCapslockIcon",
  "LinkOffIcon",
  "LinkOutlineIcon",
  "ListNumberedIcon",
  "ListSettingsLineIcon",
  "ListStatusIcon",
  "ListViewOutlineIcon",
  "Listbox",
  "LoadCurrentIcon",
  "LoadingIcon",
  "LocationIcon",
  "LockIcon",
  "LoginIcon",
  "LogoutIcon",
  "MORE_BUTTON_PX",
  "ManageSearchIcon",
  "MessageProcessingIcon",
  "MessageProcessingOutlineIcon",
  "MessageReplyIcon",
  "MicrosoftOutlookIcon",
  "MinimizableDialog",
  "MinimizableDialogV2",
  "MinimizeIcon",
  "NewCalendarIcon",
  "NewWindowIcon",
  "NotesIcon",
  "OutlineCalendarMonth",
  "OutlineCheckboxIconBlank",
  "OutlineCheckboxIconChecked",
  "OutlineCheckboxIconIndeterminate",
  "OutlineNotificationsIcon",
  "Paper",
  "PdfIcon",
  "PencilOutlineIcon",
  "PeopleIcon",
  "PeopleOutlineIcon",
  "PermMediaIcon",
  "PermMediaOutline",
  "PersonIcon",
  "PersonOutlineIcon",
  "PersonSearchIcon",
  "PersonSearchOutlineIcon",
  "PinIcon",
  "PlusIcon",
  "PlusIconCircle",
  "Popper",
  "PopupState",
  "QnrIcon",
  "RefreshIcon",
  "RemoveIcon",
  "RepeatOutlineIcon",
  "ReplayIcon",
  "ReportBoxIcon",
  "ReportBoxOutlineIcon",
  "ResetSettingsIcon",
  "RocketLaunchIcon",
  "RowDragHandleCell",
  "RuleIcon",
  "RuleOutlineIcon",
  "SELECT_COLUMN_ID",
  "SHOW_FULL_TEXT_ID",
  "SaveIcon",
  "SearchIcon",
  "SendIcon",
  "SettingsIcon",
  "SettingsMenuHorizontalIcon",
  "SettingsNoteIcon",
  "SettingsOutlineIcon",
  "ShareIcon",
  "Skeleton",
  "SmsIcon",
  "SnackbarProvider",
  "Stack",
  "StyledAIDisclosure",
  "StyledAccordion",
  "StyledAccordionDetails",
  "StyledAccordionSummary",
  "StyledAlert",
  "StyledBadge",
  "StyledButton",
  "StyledCheckbox",
  "StyledChip",
  "StyledDatePicker",
  "StyledDialog",
  "StyledDialogActions",
  "StyledDialogContent",
  "StyledDialogTitle",
  "StyledDrawer",
  "StyledDynamicSelect",
  "StyledEmptyPage",
  "StyledFilterButton",
  "StyledFilterMenu",
  "StyledFilteredEmptyState",
  "StyledFormControl",
  "StyledFormControlLabel",
  "StyledFormGroup",
  "StyledFormHelperText",
  "StyledFormLabel",
  "StyledInputField",
  "StyledInputLabel",
  "StyledInteractiveChip",
  "StyledLabel",
  "StyledLink",
  "StyledLoading",
  "StyledMenu",
  "StyledMenuItem",
  "StyledMenuList",
  "StyledModuleTitle",
  "StyledPopover",
  "StyledRadio",
  "StyledRadioGroup",
  "StyledSearchField",
  "StyledSelect",
  "StyledSelectAutocomplete",
  "StyledSelectItem",
  "StyledSlider",
  "StyledSnackbar",
  "StyledSwitch",
  "StyledTab",
  "StyledTable",
  "StyledTabs",
  "StyledTextarea",
  "StyledTimePicker",
  "StyledTooltip",
  "StyledTypography",
  "StyledWidget",
  "StyledWidgetHeader",
  "StyledWidgetTitle",
  "SyncIcon",
  "SyncSavedLocallyIcon",
  "TextBoxCheckOutlineIcon",
  "TimelapseOutlineIcon",
  "TimerIcon",
  "TodayIcon",
  "TopicIcon",
  "TuneIcon",
  "UnknownDocumentOutlineRoundedIcon",
  "UnlockIcon",
  "UploadIcon",
  "VisibilityOffOutlineIcon",
  "VisibilityOutlineIcon",
  "WandStarsIcon",
  "WarningAmberOutlineIcon",
  "WidgetIcon",
  "WidgetIconFilled",
  "WorkIcon",
  "bindPopover",
  "bindPopper",
  "bindTrigger",
  "closeSnackbar",
  "cn",
  "createColumnHelper",
  "createDialogStack",
  "enqueueSnackbar",
  "estimateToolbarActionWidth",
  "isCustomAction",
  "message",
  "omit",
  "planBulkToolbarActions",
  "planToolbarActions",
  "prepareForSlot",
  "processAlertSnackBar",
  "processDefaultSnackbar",
  "processInfoSnackbar",
  "resolveToolbarActionWidth",
  "setMidnightTime",
  "setZeroTime",
  "useDynamicToolbarLayout",
  "usePopupState",
  "useSnackbar",
]
`;
